 ✔ mariadb                 Built                                                                                                                                           0.0s 
 ✔ nginx                   Built                                                                                                                                           0.0s 
 ✔ wordpress               Built                                                                                                                                           0.0s 
 ✔ Network srcs_inception  Created                                                                                                                                         0.2s 
 ✔ Container mariadb       Started                                                                                                                                         0.3s 
 ✔ Container wordpress     Started                                                                                                                                         0.4s 
 ✔ Container nginx         Started                                                                                                                                         0.7s 
danjimen@Inception:~/repo/inception$ docker ps
CONTAINER ID   IMAGE            COMMAND                  CREATED         STATUS         PORTS                                     NAMES
45f9a2eadb6e   srcs-nginx       "nginx -g 'daemon of…"   4 seconds ago   Up 3 seconds   0.0.0.0:443->443/tcp, [::]:443->443/tcp   nginx
48b09b707f47   srcs-wordpress   "bash /usr/local/bin…"   4 seconds ago   Up 3 seconds   9000/tcp                                  wordpress
c510b007b3e6   srcs-mariadb     "/usr/local/bin/mari…"   4 seconds ago   Up 3 seconds   3306/tcp                                  mariadb
danjimen@Inception:~/repo/inception$ docker logs nginx
danjimen@Inception:~/repo/inception$ docker logs mariadb
[+] Sustituyendo variables en init.temp.sql...
[+] Archivo /etc/mysql/init.sql generado:
CREATE DATABASE IF NOT EXISTS wordpress;

-- Opcional, si quieres asegurar que root tiene contraseña (no es imprescindible)
ALTER USER 'root'@'localhost' IDENTIFIED BY '1234';

-- Crear el usuario solo si no existe
CREATE USER IF NOT EXISTS 'danjimen'@'%' IDENTIFIED BY '1234';

-- Dar acceso solo a la base de datos de WordPress
GRANT ALL PRIVILEGES ON wordpress.* TO 'danjimen'@'%';

mysql: unrecognized service
ERROR 2002 (HY000): Can't connect to local MySQL server through socket '/run/mysqld/mysqld.sock' (2)
danjimen@Inception:~/repo/inception$ docker logs wordpress
  % Total    % Received % Xferd  Average Speed   Time    Time     Time  Current
                                 Dload  Upload   Total   Spent    Left  Speed
100 6975k  100 6975k    0     0  2163k      0  0:00:03  0:00:03 --:--:-- 2163k
Error: WordPress files seem to already be present here.
Error: Database connection error (2002) Connection refused
Error: 'wp-config.php' not found.
Either create one manually or use `wp config create`.
danjimen@Inception:~/repo/inception$ docker exec -it mariadb mysql -u root -p
Enter password: 
ERROR 2002 (HY000): Can't connect to local MySQL server through socket '/run/mysqld/mysqld.sock' (2)
danjimen@Inception:~/repo/inception$ docker exec -it mariadb cat /etc/mysql/init.sql
CREATE DATABASE IF NOT EXISTS wordpress;

-- Opcional, si quieres asegurar que root tiene contraseña (no es imprescindible)
ALTER USER 'root'@'localhost' IDENTIFIED BY '1234';

-- Crear el usuario solo si no existe
CREATE USER IF NOT EXISTS 'danjimen'@'%' IDENTIFIED BY '1234';

-- Dar acceso solo a la base de datos de WordPress
GRANT ALL PRIVILEGES ON wordpress.* TO 'danjimen'@'%';

FLUSH PRIVILEGES;danjimen@Inception:~/repo/inception$ make down
docker compose -f srcs/docker-compose.yml down --remove-orphans
[+] Running 4/4
 ✔ Container nginx         Removed                                                                                                                                         0.2s 
 ✔ Container wordpress     Removed                                                                                                                                        10.2s 
 ✔ Container mariadb       Removed                                                                                                                                        10.2s 
 ✔ Network srcs_inception  Removed                                                                                                                                         0.2s 
